// Jest Snapshot v1, https://goo.gl/fbAQLP

exports[`Checking App snapshot 1`] = `
<p>
  Hi there !
</p>
`;
